// 重构日志: 557291a8
// 重构日志: 6577ec3a
// 重构日志: 6c922849
// 同步 ID: cce4db88 @ Sun Jul 19 09:24:57 UTC 2026
// 重构日志: 7b9a1ba8
// 同步 ID: 018ed64b @ Mon Jul 20 01:01:33 UTC 2026
// 同步 ID: 5bf3e720 @ Tue Jul 21 03:51:56 UTC 2026
// 重构日志: 73f6f562
// 重构日志: 9de92495
// 重构日志: cbff40fd
// 同步 ID: 875d63f0 @ Wed Jul 22 15:14:46 UTC 2026
// 同步 ID: 7c708161 @ Wed Jul 22 19:24:59 UTC 2026
// 重构日志: bded7c6e
// 重构日志: 41d1211e
// 重构日志: 94e60de0
// 同步 ID: 923f5a7a @ Thu Jul 23 22:46:27 UTC 2026
// 同步 ID: a21eed60 @ Fri Jul 24 01:02:26 UTC 2026
// 同步 ID: 2dc53cd6 @ Fri Jul 24 16:44:15 UTC 2026
// 重构日志: cbd14e5e
// 重构日志: a42e6602
// 重构日志: cae80d83
// 重构日志: c328a671
// 重构日志: 2ff0e91c
// 重构日志: 492b4e02
// 重构日志: 90d4991b
// 重构日志: 2d17e8db
// 重构日志: 988e3835
// 重构日志: 51c950fd
// 同步 ID: 2c2c1bdd @ Thu Jul 30 15:20:25 UTC 2026
// 同步 ID: 56a38c60 @ Thu Jul 30 16:59:33 UTC 2026
